// Jest Snapshot v1, https://goo.gl/fbAQLP

exports[`hookScript should match snapshot 1`] = `
"#!/bin/sh
# husky

# Hook created by Husky v4.0.8 (https://github.com/typicode/husky#readme)
#   At: <locale date string>
#   From: /home/typicode/projects/foo-package (https://github.com/foo/foo-package)
#   With: npm

gitRoot=\\"$(git rev-parse --show-toplevel)\\"
gitParams=\\"$*\\"
hookName=\`basename \\"$0\\"\`
packageManager=npm

debug() {
  if [ \\"$HUSKY_DEBUG\\" = \\"true\\" ] || [ \\"$HUSKY_DEBUG\\" = \\"1\\" ]; then
    echo \\"husky:debug $1\\"
  fi
}

command_exists () {
  command -v \\"$1\\" >/dev/null 2>&1
}

run_command () {
  if command_exists \\"$1\\"; then
    \\"$@\\" husky-run $hookName \\"$gitParams\\"

    exitCode=\\"$?\\"
    debug \\"$* husky-run exited with $exitCode exit code\\"

    if [ $exitCode -eq 127 ]; then
      echo \\"Can't find Husky, skipping $hookName hook\\"
      echo \\"You can reinstall it using 'npm install husky --save-dev' or delete this hook\\"
    else
      exit $exitCode
    fi

  else
    echo \\"Can't find $1 in PATH: $PATH\\"
    echo \\"Skipping $hookName hook\\"
    exit 0
  fi
}

debug \\"husky v4.0.8 (created at <locale date string>)\\"
debug \\"$hookName hook started\\"
debug \\"Current working directory is \`pwd\`\\"

if [ -f ~/.huskyrc ]; then
  debug \\"source ~/.huskyrc\\"
  . ~/.huskyrc
fi

if [ -f \\"$gitRoot\\"/.huskyrc.local ]; then
  debug \\"source $gitRoot/.huskyrc.local\\"
  . \\"$gitRoot\\"/.huskyrc.local
fi

debug \\"$hookName hook started\\"

if [ \\"$HUSKY_SKIP_HOOKS\\" = \\"true\\" ] || [ \\"$HUSKY_SKIP_HOOKS\\" = \\"1\\" ]; then
  debug \\"HUSKY_SKIP_HOOKS is set to $HUSKY_SKIP_HOOKS, skipping hook\\"
  exit 0
fi

cd \\".\\"

case $hookName in
  \\"pre-push\\"|\\"pre-receive\\"|\\"post-receive\\"|\\"post-rewrite\\")
    export HUSKY_GIT_STDIN=\`cat\`;;
esac

if command_exists winpty && test -t 1; then
  exec < /dev/tty
fi

case $packageManager in
  \\"npm\\") run_command npx --no-install;;
  \\"pnpm\\") run_command pnpx --no-install;;
  \\"yarn\\") run_command yarn run --silent;;
  \\"*\\") echo \\"Unknown package manager: $packageManager\\"; exit 0;;
esac
"
`;
